normal_state.c:8:6:display7SEG	16	static
normal_state.c:116:6:clearled	8	static
normal_state.c:126:6:clearbuffer	4	static
normal_state.c:132:6:update7SEG	16	static
normal_state.c:176:6:scanled	8	static
normal_state.c:186:6:led_test	8	static
normal_state.c:194:6:return_mode1	8	static
normal_state.c:205:6:setmode1	16	static
normal_state.c:214:6:decrease_time_mode1	4	static
normal_state.c:229:6:setmodecus	16	static
normal_state.c:240:6:setduration	16	static
normal_state.c:246:6:init_green_red	8	static
normal_state.c:276:6:init_amber_red	8	static
normal_state.c:292:6:init_red_green	8	static
normal_state.c:309:6:init_red_amber	8	static
normal_state.c:326:6:model_2	8	static
normal_state.c:352:6:init_man_red	8	static
normal_state.c:382:6:init_man_yellow	8	static
normal_state.c:407:6:init_man_green	8	static
