Archive member included to satisfy reference by file (symbol)

c:/st/stm32cubeide_1.7.0/stm32cubeide/plugins/com.st.stm32cube.ide.mcu.externaltools.gnu-tools-for-stm32.9-2020-q2-update.win32_2.0.0.202105311346/tools/bin/../lib/gcc/arm-none-eabi/9.3.1/../../../../arm-none-eabi/lib/thumb/v7-m/nofp\libc_nano.a(lib_a-errno.o)
                              ./Core/Src/syscalls.o (__errno)
c:/st/stm32cubeide_1.7.0/stm32cubeide/plugins/com.st.stm32cube.ide.mcu.externaltools.gnu-tools-for-stm32.9-2020-q2-update.win32_2.0.0.202105311346/tools/bin/../lib/gcc/arm-none-eabi/9.3.1/../../../../arm-none-eabi/lib/thumb/v7-m/nofp\libc_nano.a(lib_a-exit.o)
                              c:/st/stm32cubeide_1.7.0/stm32cubeide/plugins/com.st.stm32cube.ide.mcu.externaltools.gnu-tools-for-stm32.9-2020-q2-update.win32_2.0.0.202105311346/tools/bin/../lib/gcc/arm-none-eabi/9.3.1/../../../../arm-none-eabi/lib/thumb/v7-m/nofp/crt0.o (exit)
c:/st/stm32cubeide_1.7.0/stm32cubeide/plugins/com.st.stm32cube.ide.mcu.externaltools.gnu-tools-for-stm32.9-2020-q2-update.win32_2.0.0.202105311346/tools/bin/../lib/gcc/arm-none-eabi/9.3.1/../../../../arm-none-eabi/lib/thumb/v7-m/nofp\libc_nano.a(lib_a-impure.o)
                              c:/st/stm32cubeide_1.7.0/stm32cubeide/plugins/com.st.stm32cube.ide.mcu.externaltools.gnu-tools-for-stm32.9-2020-q2-update.win32_2.0.0.202105311346/tools/bin/../lib/gcc/arm-none-eabi/9.3.1/../../../../arm-none-eabi/lib/thumb/v7-m/nofp\libc_nano.a(lib_a-exit.o) (_global_impure_ptr)
c:/st/stm32cubeide_1.7.0/stm32cubeide/plugins/com.st.stm32cube.ide.mcu.externaltools.gnu-tools-for-stm32.9-2020-q2-update.win32_2.0.0.202105311346/tools/bin/../lib/gcc/arm-none-eabi/9.3.1/../../../../arm-none-eabi/lib/thumb/v7-m/nofp\libc_nano.a(lib_a-init.o)
                              c:/st/stm32cubeide_1.7.0/stm32cubeide/plugins/com.st.stm32cube.ide.mcu.externaltools.gnu-tools-for-stm32.9-2020-q2-update.win32_2.0.0.202105311346/tools/bin/../lib/gcc/arm-none-eabi/9.3.1/../../../../arm-none-eabi/lib/thumb/v7-m/nofp/crt0.o (__libc_init_array)
c:/st/stm32cubeide_1.7.0/stm32cubeide/plugins/com.st.stm32cube.ide.mcu.externaltools.gnu-tools-for-stm32.9-2020-q2-update.win32_2.0.0.202105311346/tools/bin/../lib/gcc/arm-none-eabi/9.3.1/../../../../arm-none-eabi/lib/thumb/v7-m/nofp\libc_nano.a(lib_a-memset.o)
                              c:/st/stm32cubeide_1.7.0/stm32cubeide/plugins/com.st.stm32cube.ide.mcu.externaltools.gnu-tools-for-stm32.9-2020-q2-update.win32_2.0.0.202105311346/tools/bin/../lib/gcc/arm-none-eabi/9.3.1/../../../../arm-none-eabi/lib/thumb/v7-m/nofp/crt0.o (memset)

Allocating common symbols
Common symbol       size              file

uwTick              0x4               ./Drivers/STM32F1xx_HAL_Driver/Src/stm32f1xx_hal.o
pFlash              0x20              ./Drivers/STM32F1xx_HAL_Driver/Src/stm32f1xx_hal_flash.o
timerFlag           0x28              ./Core/Src/softwaretimer.o
timerCounter        0x28              ./Core/Src/softwaretimer.o
htim2               0x48              ./Core/Src/main.o

Discarded input sections

 .text          0x0000000000000000        0x0 c:/st/stm32cubeide_1.7.0/stm32cubeide/plugins/com.st.stm32cube.ide.mcu.externaltools.gnu-tools-for-stm32.9-2020-q2-update.win32_2.0.0.202105311346/tools/bin/../lib/gcc/arm-none-eabi/9.3.1/thumb/v7-m/nofp/crti.o
 .data          0x0000000000000000        0x0 c:/st/stm32cubeide_1.7.0/stm32cubeide/plugins/com.st.stm32cube.ide.mcu.externaltools.gnu-tools-for-stm32.9-2020-q2-update.win32_2.0.0.202105311346/tools/bin/../lib/gcc/arm-none-eabi/9.3.1/thumb/v7-m/nofp/crti.o
 .bss           0x0000000000000000        0x0 c:/st/stm32cubeide_1.7.0/stm32cubeide/plugins/com.st.stm32cube.ide.mcu.externaltools.gnu-tools-for-stm32.9-2020-q2-update.win32_2.0.0.202105311346/tools/bin/../lib/gcc/arm-none-eabi/9.3.1/thumb/v7-m/nofp/crti.o
 .data          0x0000000000000000        0x4 c:/st/stm32cubeide_1.7.0/stm32cubeide/plugins/com.st.stm32cube.ide.mcu.externaltools.gnu-tools-for-stm32.9-2020-q2-update.win32_2.0.0.202105311346/tools/bin/../lib/gcc/arm-none-eabi/9.3.1/thumb/v7-m/nofp/crtbegin.o
 .text          0x0000000000000000       0x7c c:/st/stm32cubeide_1.7.0/stm32cubeide/plugins/com.st.stm32cube.ide.mcu.externaltools.gnu-tools-for-stm32.9-2020-q2-update.win32_2.0.0.202105311346/tools/bin/../lib/gcc/arm-none-eabi/9.3.1/../../../../arm-none-eabi/lib/thumb/v7-m/nofp/crt0.o
 .data          0x0000000000000000        0x0 c:/st/stm32cubeide_1.7.0/stm32cubeide/plugins/com.st.stm32cube.ide.mcu.externaltools.gnu-tools-for-stm32.9-2020-q2-update.win32_2.0.0.202105311346/tools/bin/../lib/gcc/arm-none-eabi/9.3.1/../../../../arm-none-eabi/lib/thumb/v7-m/nofp/crt0.o
 .bss           0x0000000000000000        0x0 c:/st/stm32cubeide_1.7.0/stm32cubeide/plugins/com.st.stm32cube.ide.mcu.externaltools.gnu-tools-for-stm32.9-2020-q2-update.win32_2.0.0.202105311346/tools/bin/../lib/gcc/arm-none-eabi/9.3.1/../../../../arm-none-eabi/lib/thumb/v7-m/nofp/crt0.o
[...]
Memory Configuration

Name             Origin             Length             Attributes
RAM              0x0000000020000000 0x0000000000002800 xrw
FLASH            0x0000000008000000 0x0000000000008000 xr
*default*        0x0000000000000000 0xffffffffffffffff

Linker script and memory map

LOAD c:/st/stm32cubeide_1.7.0/stm32cubeide/plugins/com.st.stm32cube.ide.mcu.externaltools.gnu-tools-for-stm32.9-2020-q2-update.win32_2.0.0.202105311346/tools/bin/../lib/gcc/arm-none-eabi/9.3.1/thumb/v7-m/nofp/crti.o
LOAD c:/st/stm32cubeide_1.7.0/stm32cubeide/plugins/com.st.stm32cube.ide.mcu.externaltools.gnu-tools-for-stm32.9-2020-q2-update.win32_2.0.0.202105311346/tools/bin/../lib/gcc/arm-none-eabi/9.3.1/thumb/v7-m/nofp/crtbegin.o
LOAD c:/st/stm32cubeide_1.7.0/stm32cubeide/plugins/com.st.stm32cube.ide.mcu.externaltools.gnu-tools-for-stm32.9-2020-q2-update.win32_2.0.0.202105311346/tools/bin/../lib/gcc/arm-none-eabi/9.3.1/../../../../arm-none-eabi/lib/thumb/v7-m/nofp/crt0.o
LOAD ./Core/Src/automatic.o
LOAD ./Core/Src/button.o
LOAD ./Core/Src/global.o
LOAD ./Core/Src/main.o
LOAD ./Core/Src/manual.o
LOAD ./Core/Src/normal_state.o
LOAD ./Core/Src/softwaretimer.o
LOAD ./Core/Src/stm32f1xx_hal_msp.o
LOAD ./Core/Src/stm32f1xx_it.o
LOAD ./Core/Src/syscalls.o
LOAD ./Core/Src/sysmem.o
LOAD ./Core/Src/system_stm32f1xx.o
LOAD ./Core/Startup/startup_stm32f103c6tx.o
LOAD ./Drivers/STM32F1xx_HAL_Driver/Src/stm32f1xx_hal.o
LOAD ./Drivers/STM32F1xx_HAL_Driver/Src/stm32f1xx_hal_cortex.o
LOAD ./Drivers/STM32F1xx_HAL_Driver/Src/stm32f1xx_hal_dma.o
LOAD ./Drivers/STM32F1xx_HAL_Driver/Src/stm32f1xx_hal_exti.o
LOAD ./Drivers/STM32F1xx_HAL_Driver/Src/stm32f1xx_hal_flash.o
LOAD ./Drivers/STM32F1xx_HAL_Driver/Src/stm32f1xx_hal_flash_ex.o
LOAD ./Drivers/STM32F1xx_HAL_Driver/Src/stm32f1xx_hal_gpio.o
LOAD ./Drivers/STM32F1xx_HAL_Driver/Src/stm32f1xx_hal_gpio_ex.o
LOAD ./Drivers/STM32F1xx_HAL_Driver/Src/stm32f1xx_hal_pwr.o
LOAD ./Drivers/STM32F1xx_HAL_Driver/Src/stm32f1xx_hal_rcc.o
LOAD ./Drivers/STM32F1xx_HAL_Driver/Src/stm32f1xx_hal_rcc_ex.o
LOAD ./Drivers/STM32F1xx_HAL_Driver/Src/stm32f1xx_hal_tim.o
LOAD ./Drivers/STM32F1xx_HAL_Driver/Src/stm32f1xx_hal_tim_ex.o
START GROUP
LOAD c:/st/stm32cubeide_1.7.0/stm32cubeide/plugins/com.st.stm32cube.ide.mcu.externaltools.gnu-tools-for-stm32.9-2020-q2-update.win32_2.0.0.202105311346/tools/bin/../lib/gcc/arm-none-eabi/9.3.1/../../../../arm-none-eabi/lib/thumb/v7-m/nofp\libc_nano.a
LOAD c:/st/stm32cubeide_1.7.0/stm32cubeide/plugins/com.st.stm32cube.ide.mcu.externaltools.gnu-tools-for-stm32.9-2020-q2-update.win32_2.0.0.202105311346/tools/bin/../lib/gcc/arm-none-eabi/9.3.1/../../../../arm-none-eabi/lib/thumb/v7-m/nofp\libm.a
END GROUP
START GROUP
LOAD c:/st/stm32cubeide_1.7.0/stm32cubeide/plugins/com.st.stm32cube.ide.mcu.externaltools.gnu-tools-for-stm32.9-2020-q2-update.win32_2.0.0.202105311346/tools/bin/../lib/gcc/arm-none-eabi/9.3.1/thumb/v7-m/nofp\libgcc.a
LOAD c:/st/stm32cubeide_1.7.0/stm32cubeide/plugins/com.st.stm32cube.ide.mcu.externaltools.gnu-tools-for-stm32.9-2020-q2-update.win32_2.0.0.202105311346/tools/bin/../lib/gcc/arm-none-eabi/9.3.1/../../../../arm-none-eabi/lib/thumb/v7-m/nofp\libc_nano.a
END GROUP
START GROUP
LOAD c:/st/stm32cubeide_1.7.0/stm32cubeide/plugins/com.st.stm32cube.ide.mcu.externaltools.gnu-tools-for-stm32.9-2020-q2-update.win32_2.0.0.202105311346/tools/bin/../lib/gcc/arm-none-eabi/9.3.1/thumb/v7-m/nofp\libgcc.a
LOAD c:/st/stm32cubeide_1.7.0/stm32cubeide/plugins/com.st.stm32cube.ide.mcu.externaltools.gnu-tools-for-stm32.9-2020-q2-update.win32_2.0.0.202105311346/tools/bin/../lib/gcc/arm-none-eabi/9.3.1/../../../../arm-none-eabi/lib/thumb/v7-m/nofp\libc_nano.a
LOAD c:/st/stm32cubeide_1.7.0/stm32cubeide/plugins/com.st.stm32cube.ide.mcu.externaltools.gnu-tools-for-stm32.9-2020-q2-update.win32_2.0.0.202105311346/tools/bin/../lib/gcc/arm-none-eabi/9.3.1/../../../../arm-none-eabi/lib/thumb/v7-m/nofp\libnosys.a
END GROUP
START GROUP
LOAD c:/st/stm32cubeide_1.7.0/stm32cubeide/plugins/com.st.stm32cube.ide.mcu.externaltools.gnu-tools-for-stm32.9-2020-q2-update.win32_2.0.0.202105311346/tools/bin/../lib/gcc/arm-none-eabi/9.3.1/thumb/v7-m/nofp\libgcc.a
LOAD c:/st/stm32cubeide_1.7.0/stm32cubeide/plugins/com.st.stm32cube.ide.mcu.externaltools.gnu-tools-for-stm32.9-2020-q2-update.win32_2.0.0.202105311346/tools/bin/../lib/gcc/arm-none-eabi/9.3.1/../../../../arm-none-eabi/lib/thumb/v7-m/nofp\libc_nano.a
LOAD c:/st/stm32cubeide_1.7.0/stm32cubeide/plugins/com.st.stm32cube.ide.mcu.externaltools.gnu-tools-for-stm32.9-2020-q2-update.win32_2.0.0.202105311346/tools/bin/../lib/gcc/arm-none-eabi/9.3.1/../../../../arm-none-eabi/lib/thumb/v7-m/nofp\libnosys.a
END GROUP
LOAD c:/st/stm32cubeide_1.7.0/stm32cubeide/plugins/com.st.stm32cube.ide.mcu.externaltools.gnu-tools-for-stm32.9-2020-q2-update.win32_2.0.0.202105311346/tools/bin/../lib/gcc/arm-none-eabi/9.3.1/thumb/v7-m/nofp/crtend.o
LOAD c:/st/stm32cubeide_1.7.0/stm32cubeide/plugins/com.st.stm32cube.ide.mcu.externaltools.gnu-tools-for-stm32.9-2020-q2-update.win32_2.0.0.202105311346/tools/bin/../lib/gcc/arm-none-eabi/9.3.1/thumb/v7-m/nofp/crtn.o
                0x0000000020002800                _estack = (ORIGIN (RAM) + LENGTH (RAM))
                0x0000000000000200                _Min_Heap_Size = 0x200
                0x0000000000000400                _Min_Stack_Size = 0x400

.isr_vector     0x0000000008000000      0x10c
                0x0000000008000000                . = ALIGN (0x4)
 *(.isr_vector)
 .isr_vector    0x0000000008000000      0x10c ./Core/Startup/startup_stm32f103c6tx.o
                0x0000000008000000                g_pfnVectors
                0x000000000800010c                . = ALIGN (0x4)

.text           0x000000000800010c     0x2ac0
                0x000000000800010c                . = ALIGN (0x4)
 *(.text)
 .text          0x000000000800010c       0x40 c:/st/stm32cubeide_1.7.0/stm32cubeide/plugins/com.st.stm32cube.ide.mcu.externaltools.gnu-tools-for-stm32.9-2020-q2-update.win32_2.0.0.202105311346/tools/bin/../lib/gcc/arm-none-eabi/9.3.1/thumb/v7-m/nofp/crtbegin.o
 *(.text*)
 .text.init_automatic
                0x000000000800014c       0x48 ./Core/Src/automatic.o
                0x000000000800014c                init_automatic
 .text.automatic_run
                0x0000000008000194       0x88 ./Core/Src/automatic.o
                0x0000000008000194                automatic_run
 .text.subKeyProcess
                0x000000000800021c       0x20 ./Core/Src/button.o
                0x000000000800021c                subKeyProcess
 .text.clearbut
                0x000000000800023c       0x24 ./Core/Src/button.o
                0x000000000800023c                clearbut
 .text.getKeyInput
                0x0000000008000260      0x14c ./Core/Src/button.o
                0x0000000008000260                getKeyInput
 .text.main     0x00000000080003ac       0x4c ./Core/Src/main.o
                0x00000000080003ac                main
 .text.SystemClock_Config
                0x00000000080003f8       0x76 ./Core/Src/main.o
                0x00000000080003f8                SystemClock_Config
 *fill*         0x000000000800046e        0x2 
 .text.MX_TIM2_Init
                0x0000000008000470       0x98 ./Core/Src/main.o
 .text.MX_GPIO_Init
                0x0000000008000508       0xf8 ./Core/Src/main.o
 .text.HAL_TIM_PeriodElapsedCallback
                0x0000000008000600       0x18 ./Core/Src/main.o
                0x0000000008000600                HAL_TIM_PeriodElapsedCallback
 .text.Error_Handler
                0x0000000008000618        0xa ./Core/Src/main.o
                0x0000000008000618                Error_Handler
 *fill*         0x0000000008000622        0x2 
 .text.run_manu
                0x0000000008000624       0x38 ./Core/Src/manual.o
                0x0000000008000624                run_manu
 .text.switch_mode
                0x000000000800065c       0x44 ./Core/Src/manual.o
                0x000000000800065c                switch_mode
 .text.display7SEG
                0x00000000080006a0      0x3b0 ./Core/Src/normal_state.o
                0x00000000080006a0                display7SEG
 .text.clearled
                0x0000000008000a50       0x60 ./Core/Src/normal_state.o
                0x0000000008000a50                clearled
 .text.clearbuffer
                0x0000000008000ab0       0x28 ./Core/Src/normal_state.o
                0x0000000008000ab0                clearbuffer
 .text.update7SEG
                0x0000000008000ad8      0x10c ./Core/Src/normal_state.o
                0x0000000008000ad8                update7SEG
 .text.scanled  0x0000000008000be4       0x50 ./Core/Src/normal_state.o
                0x0000000008000be4                scanled
 .text.return_mode1
                0x0000000008000c34       0x4c ./Core/Src/normal_state.o
                0x0000000008000c34                return_mode1
 .text.setmode1
                0x0000000008000c80       0x7c ./Core/Src/normal_state.o
                0x0000000008000c80                setmode1
 .text.decrease_time_mode1
                0x0000000008000cfc       0x6c ./Core/Src/normal_state.o
                0x0000000008000cfc                decrease_time_mode1
 .text.setmodecus
                0x0000000008000d68       0x70 ./Core/Src/normal_state.o
                0x0000000008000d68                setmodecus
 .text.setduration
                0x0000000008000dd8       0x54 ./Core/Src/normal_state.o
                0x0000000008000dd8                setduration
 .text.init_green_red
                0x0000000008000e2c       0xec ./Core/Src/normal_state.o
                0x0000000008000e2c                init_green_red
 .text.init_amber_red
                0x0000000008000f18       0x88 ./Core/Src/normal_state.o
                0x0000000008000f18                init_amber_red
 .text.init_red_green
                0x0000000008000fa0       0x84 ./Core/Src/normal_state.o
                0x0000000008000fa0                init_red_green
 .text.init_red_amber
                0x0000000008001024       0x88 ./Core/Src/normal_state.o
                0x0000000008001024                init_red_amber
 .text.model_2  0x00000000080010ac       0xc0 ./Core/Src/normal_state.o
                0x00000000080010ac                model_2
 .text.init_man_red
                0x000000000800116c       0xc8 ./Core/Src/normal_state.o
                0x000000000800116c                init_man_red
 .text.init_man_yellow
                0x0000000008001234       0xa0 ./Core/Src/normal_state.o
                0x0000000008001234                init_man_yellow
 .text.init_man_green
                0x00000000080012d4       0x78 ./Core/Src/normal_state.o
                0x00000000080012d4                init_man_green
 .text.setTimer
                0x000000000800134c       0x40 ./Core/Src/softwaretimer.o
                0x000000000800134c                setTimer
 .text.timerRun
                0x000000000800138c       0x60 ./Core/Src/softwaretimer.o
                0x000000000800138c                timerRun
 .text.isTimerExpired
                0x00000000080013ec       0x34 ./Core/Src/softwaretimer.o
                0x00000000080013ec                isTimerExpired
 .text.HAL_MspInit
                0x0000000008001420       0x64 ./Core/Src/stm32f1xx_hal_msp.o
                0x0000000008001420                HAL_MspInit
 .text.HAL_TIM_Base_MspInit
                0x0000000008001484       0x48 ./Core/Src/stm32f1xx_hal_msp.o
                0x0000000008001484                HAL_TIM_Base_MspInit
 .text.NMI_Handler
                0x00000000080014cc        0x6 ./Core/Src/stm32f1xx_it.o
                0x00000000080014cc                NMI_Handler
 .text.HardFault_Handler
                0x00000000080014d2        0x6 ./Core/Src/stm32f1xx_it.o
                0x00000000080014d2                HardFault_Handler
 .text.MemManage_Handler
                0x00000000080014d8        0x6 ./Core/Src/stm32f1xx_it.o
                0x00000000080014d8                MemManage_Handler
 .text.BusFault_Handler
                0x00000000080014de        0x6 ./Core/Src/stm32f1xx_it.o
                0x00000000080014de                BusFault_Handler
 .text.UsageFault_Handler
                0x00000000080014e4        0x6 ./Core/Src/stm32f1xx_it.o
                0x00000000080014e4                UsageFault_Handler
 .text.SVC_Handler
                0x00000000080014ea        0xc ./Core/Src/stm32f1xx_it.o
                0x00000000080014ea                SVC_Handler
 .text.DebugMon_Handler
                0x00000000080014f6        0xc ./Core/Src/stm32f1xx_it.o
                0x00000000080014f6                DebugMon_Handler
 .text.PendSV_Handler
                0x0000000008001502        0xc ./Core/Src/stm32f1xx_it.o
                0x0000000008001502                PendSV_Handler
 .text.SysTick_Handler
                0x000000000800150e        0xc ./Core/Src/stm32f1xx_it.o
                0x000000000800150e                SysTick_Handler
 *fill*         0x000000000800151a        0x2 
 .text.TIM2_IRQHandler
                0x000000000800151c       0x14 ./Core/Src/stm32f1xx_it.o
                0x000000000800151c                TIM2_IRQHandler
 .text.SystemInit
                0x0000000008001530        0xc ./Core/Src/system_stm32f1xx.o
                0x0000000008001530                SystemInit
 .text.Reset_Handler
                0x000000000800153c       0x48 ./Core/Startup/startup_stm32f103c6tx.o
                0x000000000800153c                Reset_Handler
 .text.Default_Handler
                0x0000000008001584        0x2 ./Core/Startup/startup_stm32f103c6tx.o
                0x0000000008001584                RTC_Alarm_IRQHandler
                0x0000000008001584                EXTI2_IRQHandler
                0x0000000008001584                TIM1_CC_IRQHandler
                0x0000000008001584                PVD_IRQHandler
                0x0000000008001584                EXTI3_IRQHandler
                0x0000000008001584                EXTI0_IRQHandler
                0x0000000008001584                ADC1_2_IRQHandler
                0x0000000008001584                SPI1_IRQHandler
                0x0000000008001584                TAMPER_IRQHandler
                0x0000000008001584                DMA1_Channel4_IRQHandler
                0x0000000008001584                RTC_IRQHandler
                0x0000000008001584                DMA1_Channel7_IRQHandler
                0x0000000008001584                CAN1_RX1_IRQHandler
                0x0000000008001584                I2C1_EV_IRQHandler
                0x0000000008001584                DMA1_Channel6_IRQHandler
                0x0000000008001584                TIM3_IRQHandler
                0x0000000008001584                RCC_IRQHandler
                0x0000000008001584                TIM1_TRG_COM_IRQHandler
                0x0000000008001584                DMA1_Channel1_IRQHandler
                0x0000000008001584                Default_Handler
                0x0000000008001584                EXTI15_10_IRQHandler
                0x0000000008001584                EXTI9_5_IRQHandler
                0x0000000008001584                DMA1_Channel5_IRQHandler
                0x0000000008001584                EXTI4_IRQHandler
                0x0000000008001584                USB_LP_CAN1_RX0_IRQHandler
                0x0000000008001584                USB_HP_CAN1_TX_IRQHandler
                0x0000000008001584                DMA1_Channel3_IRQHandler
                0x0000000008001584                TIM1_UP_IRQHandler
                0x0000000008001584                WWDG_IRQHandler
                0x0000000008001584                TIM1_BRK_IRQHandler
                0x0000000008001584                EXTI1_IRQHandler
                0x0000000008001584                USART2_IRQHandler
                0x0000000008001584                DMA1_Channel2_IRQHandler
                0x0000000008001584                CAN1_SCE_IRQHandler
                0x0000000008001584                FLASH_IRQHandler
                0x0000000008001584                USART1_IRQHandler
                0x0000000008001584                I2C1_ER_IRQHandler
                0x0000000008001584                USBWakeUp_IRQHandler
 *fill*         0x0000000008001586        0x2 
 .text.HAL_Init
                0x0000000008001588       0x2c ./Drivers/STM32F1xx_HAL_Driver/Src/stm32f1xx_hal.o
                0x0000000008001588                HAL_Init
 .text.HAL_InitTick
                0x00000000080015b4       0x60 ./Drivers/STM32F1xx_HAL_Driver/Src/stm32f1xx_hal.o
                0x00000000080015b4                HAL_InitTick
 .text.HAL_IncTick
                0x0000000008001614       0x24 ./Drivers/STM32F1xx_HAL_Driver/Src/stm32f1xx_hal.o
                0x0000000008001614                HAL_IncTick
 .text.HAL_GetTick
                0x0000000008001638       0x14 ./Drivers/STM32F1xx_HAL_Driver/Src/stm32f1xx_hal.o
                0x0000000008001638                HAL_GetTick
 .text.__NVIC_SetPriorityGrouping
                0x000000000800164c       0x48 ./Drivers/STM32F1xx_HAL_Driver/Src/stm32f1xx_hal_cortex.o
 .text.__NVIC_GetPriorityGrouping
                0x0000000008001694       0x1c ./Drivers/STM32F1xx_HAL_Driver/Src/stm32f1xx_hal_cortex.o
 .text.__NVIC_EnableIRQ
                0x00000000080016b0       0x38 ./Drivers/STM32F1xx_HAL_Driver/Src/stm32f1xx_hal_cortex.o
 .text.__NVIC_SetPriority
                0x00000000080016e8       0x54 ./Drivers/STM32F1xx_HAL_Driver/Src/stm32f1xx_hal_cortex.o
 .text.NVIC_EncodePriority
                0x000000000800173c       0x64 ./Drivers/STM32F1xx_HAL_Driver/Src/stm32f1xx_hal_cortex.o
 .text.SysTick_Config
                0x00000000080017a0       0x44 ./Drivers/STM32F1xx_HAL_Driver/Src/stm32f1xx_hal_cortex.o
 .text.HAL_NVIC_SetPriorityGrouping
                0x00000000080017e4       0x16 ./Drivers/STM32F1xx_HAL_Driver/Src/stm32f1xx_hal_cortex.o
                0x00000000080017e4                HAL_NVIC_SetPriorityGrouping
 .text.HAL_NVIC_SetPriority
                0x00000000080017fa       0x38 ./Drivers/STM32F1xx_HAL_Driver/Src/stm32f1xx_hal_cortex.o
                0x00000000080017fa                HAL_NVIC_SetPriority
 .text.HAL_NVIC_EnableIRQ
                0x0000000008001832       0x1c ./Drivers/STM32F1xx_HAL_Driver/Src/stm32f1xx_hal_cortex.o
                0x0000000008001832                HAL_NVIC_EnableIRQ
 .text.HAL_SYSTICK_Config
                0x000000000800184e       0x18 ./Drivers/STM32F1xx_HAL_Driver/Src/stm32f1xx_hal_cortex.o
                0x000000000800184e                HAL_SYSTICK_Config
 *fill*         0x0000000008001866        0x2 
 .text.HAL_GPIO_Init
                0x0000000008001868      0x2f4 ./Drivers/STM32F1xx_HAL_Driver/Src/stm32f1xx_hal_gpio.o
                0x0000000008001868                HAL_GPIO_Init
 .text.HAL_GPIO_ReadPin
                0x0000000008001b5c       0x2e ./Drivers/STM32F1xx_HAL_Driver/Src/stm32f1xx_hal_gpio.o
                0x0000000008001b5c                HAL_GPIO_ReadPin
 .text.HAL_GPIO_WritePin
                0x0000000008001b8a       0x30 ./Drivers/STM32F1xx_HAL_Driver/Src/stm32f1xx_hal_gpio.o
                0x0000000008001b8a                HAL_GPIO_WritePin
 .text.HAL_GPIO_TogglePin
                0x0000000008001bba       0x32 ./Drivers/STM32F1xx_HAL_Driver/Src/stm32f1xx_hal_gpio.o
                0x0000000008001bba                HAL_GPIO_TogglePin
 .text.HAL_RCC_OscConfig
                0x0000000008001bec      0x500 ./Drivers/STM32F1xx_HAL_Driver/Src/stm32f1xx_hal_rcc.o
                0x0000000008001bec                HAL_RCC_OscConfig
 .text.HAL_RCC_ClockConfig
                0x00000000080020ec      0x1d4 ./Drivers/STM32F1xx_HAL_Driver/Src/stm32f1xx_hal_rcc.o
                0x00000000080020ec                HAL_RCC_ClockConfig
 .text.HAL_RCC_GetSysClockFreq
                0x00000000080022c0       0xa8 ./Drivers/STM32F1xx_HAL_Driver/Src/stm32f1xx_hal_rcc.o
                0x00000000080022c0                HAL_RCC_GetSysClockFreq
 .text.RCC_Delay
                0x0000000008002368       0x3c ./Drivers/STM32F1xx_HAL_Driver/Src/stm32f1xx_hal_rcc.o
 .text.HAL_TIM_Base_Init
                0x00000000080023a4       0x9e ./Drivers/STM32F1xx_HAL_Driver/Src/stm32f1xx_hal_tim.o
                0x00000000080023a4                HAL_TIM_Base_Init
 *fill*         0x0000000008002442        0x2 
 .text.HAL_TIM_Base_Start_IT
                0x0000000008002444       0x98 ./Drivers/STM32F1xx_HAL_Driver/Src/stm32f1xx_hal_tim.o
                0x0000000008002444                HAL_TIM_Base_Start_IT
 .text.HAL_TIM_IRQHandler
                0x00000000080024dc      0x1e0 ./Drivers/STM32F1xx_HAL_Driver/Src/stm32f1xx_hal_tim.o
                0x00000000080024dc                HAL_TIM_IRQHandler
 .text.HAL_TIM_ConfigClockSource
                0x00000000080026bc      0x18e ./Drivers/STM32F1xx_HAL_Driver/Src/stm32f1xx_hal_tim.o
                0x00000000080026bc                HAL_TIM_ConfigClockSource
 .text.HAL_TIM_OC_DelayElapsedCallback
                0x000000000800284a       0x12 ./Drivers/STM32F1xx_HAL_Driver/Src/stm32f1xx_hal_tim.o
                0x000000000800284a                HAL_TIM_OC_DelayElapsedCallback
 .text.HAL_TIM_IC_CaptureCallback
                0x000000000800285c       0x12 ./Drivers/STM32F1xx_HAL_Driver/Src/stm32f1xx_hal_tim.o
                0x000000000800285c                HAL_TIM_IC_CaptureCallback
 .text.HAL_TIM_PWM_PulseFinishedCallback
                0x000000000800286e       0x12 ./Drivers/STM32F1xx_HAL_Driver/Src/stm32f1xx_hal_tim.o
                0x000000000800286e                HAL_TIM_PWM_PulseFinishedCallback
 .text.HAL_TIM_TriggerCallback
                0x0000000008002880       0x12 ./Drivers/STM32F1xx_HAL_Driver/Src/stm32f1xx_hal_tim.o
                0x0000000008002880                HAL_TIM_TriggerCallback
 *fill*         0x0000000008002892        0x2 
 .text.TIM_Base_SetConfig
                0x0000000008002894       0xc8 ./Drivers/STM32F1xx_HAL_Driver/Src/stm32f1xx_hal_tim.o
                0x0000000008002894                TIM_Base_SetConfig
 .text.TIM_TI1_ConfigInputStage
                0x000000000800295c       0x5c ./Drivers/STM32F1xx_HAL_Driver/Src/stm32f1xx_hal_tim.o
 .text.TIM_TI2_ConfigInputStage
                0x00000000080029b8       0x5e ./Drivers/STM32F1xx_HAL_Driver/Src/stm32f1xx_hal_tim.o
 .text.TIM_ITRx_SetConfig
                0x0000000008002a16       0x34 ./Drivers/STM32F1xx_HAL_Driver/Src/stm32f1xx_hal_tim.o
 .text.TIM_ETR_SetConfig
                0x0000000008002a4a       0x3e ./Drivers/STM32F1xx_HAL_Driver/Src/stm32f1xx_hal_tim.o
                0x0000000008002a4a                TIM_ETR_SetConfig
 .text.HAL_TIMEx_MasterConfigSynchronization
                0x0000000008002a88       0xb0 ./Drivers/STM32F1xx_HAL_Driver/Src/stm32f1xx_hal_tim_ex.o
                0x0000000008002a88                HAL_TIMEx_MasterConfigSynchronization
 .text.HAL_TIMEx_CommutCallback
                0x0000000008002b38       0x12 ./Drivers/STM32F1xx_HAL_Driver/Src/stm32f1xx_hal_tim_ex.o
                0x0000000008002b38                HAL_TIMEx_CommutCallback
 .text.HAL_TIMEx_BreakCallback
                0x0000000008002b4a       0x12 ./Drivers/STM32F1xx_HAL_Driver/Src/stm32f1xx_hal_tim_ex.o
                0x0000000008002b4a                HAL_TIMEx_BreakCallback
 .text.__libc_init_array
                0x0000000008002b5c       0x48 c:/st/stm32cubeide_1.7.0/stm32cubeide/plugins/com.st.stm32cube.ide.mcu.externaltools.gnu-tools-for-stm32.9-2020-q2-update.win32_2.0.0.202105311346/tools/bin/../lib/gcc/arm-none-eabi/9.3.1/../../../../arm-none-eabi/lib/thumb/v7-m/nofp\libc_nano.a(lib_a-init.o)
                0x0000000008002b5c                __libc_init_array
 .text.memset   0x0000000008002ba4       0x10 c:/st/stm32cubeide_1.7.0/stm32cubeide/plugins/com.st.stm32cube.ide.mcu.externaltools.gnu-tools-for-stm32.9-2020-q2-update.win32_2.0.0.202105311346/tools/bin/../lib/gcc/arm-none-eabi/9.3.1/../../../../arm-none-eabi/lib/thumb/v7-m/nofp\libc_nano.a(lib_a-memset.o)
                0x0000000008002ba4                memset
 *(.glue_7)
 .glue_7        0x0000000008002bb4        0x0 linker stubs
 *(.glue_7t)
 .glue_7t       0x0000000008002bb4        0x0 linker stubs
 *(.eh_frame)
 .eh_frame      0x0000000008002bb4        0x0 c:/st/stm32cubeide_1.7.0/stm32cubeide/plugins/com.st.stm32cube.ide.mcu.externaltools.gnu-tools-for-stm32.9-2020-q2-update.win32_2.0.0.202105311346/tools/bin/../lib/gcc/arm-none-eabi/9.3.1/thumb/v7-m/nofp/crtbegin.o
 *(.init)
 .init          0x0000000008002bb4        0x4 c:/st/stm32cubeide_1.7.0/stm32cubeide/plugins/com.st.stm32cube.ide.mcu.externaltools.gnu-tools-for-stm32.9-2020-q2-update.win32_2.0.0.202105311346/tools/bin/../lib/gcc/arm-none-eabi/9.3.1/thumb/v7-m/nofp/crti.o
                0x0000000008002bb4                _init
 .init          0x0000000008002bb8        0x8 c:/st/stm32cubeide_1.7.0/stm32cubeide/plugins/com.st.stm32cube.ide.mcu.externaltools.gnu-tools-for-stm32.9-2020-q2-update.win32_2.0.0.202105311346/tools/bin/../lib/gcc/arm-none-eabi/9.3.1/thumb/v7-m/nofp/crtn.o
 *(.fini)
 .fini          0x0000000008002bc0        0x4 c:/st/stm32cubeide_1.7.0/stm32cubeide/plugins/com.st.stm32cube.ide.mcu.externaltools.gnu-tools-for-stm32.9-2020-q2-update.win32_2.0.0.202105311346/tools/bin/../lib/gcc/arm-none-eabi/9.3.1/thumb/v7-m/nofp/crti.o
                0x0000000008002bc0                _fini
 .fini          0x0000000008002bc4        0x8 c:/st/stm32cubeide_1.7.0/stm32cubeide/plugins/com.st.stm32cube.ide.mcu.externaltools.gnu-tools-for-stm32.9-2020-q2-update.win32_2.0.0.202105311346/tools/bin/../lib/gcc/arm-none-eabi/9.3.1/thumb/v7-m/nofp/crtn.o
                0x0000000008002bcc                . = ALIGN (0x4)
                0x0000000008002bcc                _etext = .

.vfp11_veneer   0x0000000008002bcc        0x0
 .vfp11_veneer  0x0000000008002bcc        0x0 linker stubs

.v4_bx          0x0000000008002bcc        0x0
 .v4_bx         0x0000000008002bcc        0x0 linker stubs

.iplt           0x0000000008002bcc        0x0
 .iplt          0x0000000008002bcc        0x0 c:/st/stm32cubeide_1.7.0/stm32cubeide/plugins/com.st.stm32cube.ide.mcu.externaltools.gnu-tools-for-stm32.9-2020-q2-update.win32_2.0.0.202105311346/tools/bin/../lib/gcc/arm-none-eabi/9.3.1/thumb/v7-m/nofp/crtbegin.o

.rodata         0x0000000008002bcc       0x24
                0x0000000008002bcc                . = ALIGN (0x4)
 *(.rodata)
 *(.rodata*)
 .rodata.AHBPrescTable
                0x0000000008002bcc       0x10 ./Core/Src/system_stm32f1xx.o
                0x0000000008002bcc                AHBPrescTable
 .rodata.aPLLMULFactorTable.6032
                0x0000000008002bdc       0x10 ./Drivers/STM32F1xx_HAL_Driver/Src/stm32f1xx_hal_rcc.o
 .rodata.aPredivFactorTable.6033
                0x0000000008002bec        0x2 ./Drivers/STM32F1xx_HAL_Driver/Src/stm32f1xx_hal_rcc.o
                0x0000000008002bf0                . = ALIGN (0x4)
 *fill*         0x0000000008002bee        0x2 

.rel.dyn        0x0000000008002bf0        0x0
 .rel.iplt      0x0000000008002bf0        0x0 c:/st/stm32cubeide_1.7.0/stm32cubeide/plugins/com.st.stm32cube.ide.mcu.externaltools.gnu-tools-for-stm32.9-2020-q2-update.win32_2.0.0.202105311346/tools/bin/../lib/gcc/arm-none-eabi/9.3.1/thumb/v7-m/nofp/crtbegin.o

.ARM.extab      0x0000000008002bf0        0x0
                0x0000000008002bf0                . = ALIGN (0x4)
 *(.ARM.extab* .gnu.linkonce.armextab.*)
                0x0000000008002bf0                . = ALIGN (0x4)

.ARM            0x0000000008002bf0        0x0
                0x0000000008002bf0                . = ALIGN (0x4)
                0x0000000008002bf0                __exidx_start = .
 *(.ARM.exidx*)
                0x0000000008002bf0                __exidx_end = .
                0x0000000008002bf0                . = ALIGN (0x4)

.preinit_array  0x0000000008002bf0        0x0
                0x0000000008002bf0                . = ALIGN (0x4)
                0x0000000008002bf0                PROVIDE (__preinit_array_start = .)
 *(.preinit_array*)
                0x0000000008002bf0                PROVIDE (__preinit_array_end = .)
                0x0000000008002bf0                . = ALIGN (0x4)

.init_array     0x0000000008002bf0        0x4
                0x0000000008002bf0                . = ALIGN (0x4)
                0x0000000008002bf0                PROVIDE (__init_array_start = .)
 *(SORT_BY_NAME(.init_array.*))
 *(.init_array*)
 .init_array    0x0000000008002bf0        0x4 c:/st/stm32cubeide_1.7.0/stm32cubeide/plugins/com.st.stm32cube.ide.mcu.externaltools.gnu-tools-for-stm32.9-2020-q2-update.win32_2.0.0.202105311346/tools/bin/../lib/gcc/arm-none-eabi/9.3.1/thumb/v7-m/nofp/crtbegin.o
                0x0000000008002bf4                PROVIDE (__init_array_end = .)
                0x0000000008002bf4                . = ALIGN (0x4)

.fini_array     0x0000000008002bf4        0x4
                0x0000000008002bf4                . = ALIGN (0x4)
                [!provide]                        PROVIDE (__fini_array_start = .)
 *(SORT_BY_NAME(.fini_array.*))
 *(.fini_array*)
 .fini_array    0x0000000008002bf4        0x4 c:/st/stm32cubeide_1.7.0/stm32cubeide/plugins/com.st.stm32cube.ide.mcu.externaltools.gnu-tools-for-stm32.9-2020-q2-update.win32_2.0.0.202105311346/tools/bin/../lib/gcc/arm-none-eabi/9.3.1/thumb/v7-m/nofp/crtbegin.o
                [!provide]                        PROVIDE (__fini_array_end = .)
                0x0000000008002bf8                . = ALIGN (0x4)
                0x0000000008002bf8                _sidata = LOADADDR (.data)

.data           0x0000000020000000       0x94 load address 0x0000000008002bf8
                0x0000000020000000                . = ALIGN (0x4)
                0x0000000020000000                _sdata = .
 *(.data)
 *(.data*)
 .data.KeyReg0  0x0000000020000000        0xc ./Core/Src/button.o
                0x0000000020000000                KeyReg0
 .data.KeyReg1  0x000000002000000c        0xc ./Core/Src/button.o
                0x000000002000000c                KeyReg1
 .data.KeyReg2  0x0000000020000018        0xc ./Core/Src/button.o
                0x0000000020000018                KeyReg2
 .data.KeyReg3  0x0000000020000024        0xc ./Core/Src/button.o
                0x0000000020000024                KeyReg3
 .data.TimerForKeyPress
                0x0000000020000030        0xc ./Core/Src/button.o
                0x0000000020000030                TimerForKeyPress
 .data.buttonPorts
                0x000000002000003c        0xc ./Core/Src/button.o
                0x000000002000003c                buttonPorts
 .data.buttonPins
                0x0000000020000048        0x6 ./Core/Src/button.o
                0x0000000020000048                buttonPins
 *fill*         0x000000002000004e        0x2 
 .data.red_on   0x0000000020000050        0x4 ./Core/Src/global.o
                0x0000000020000050                red_on
 .data.yellow_on
                0x0000000020000054        0x4 ./Core/Src/global.o
                0x0000000020000054                yellow_on
 .data.green_on
                0x0000000020000058        0x4 ./Core/Src/global.o
                0x0000000020000058                green_on
 .data.red_state
                0x000000002000005c        0x4 ./Core/Src/global.o
                0x000000002000005c                red_state
 .data.yellow_state
                0x0000000020000060        0x4 ./Core/Src/global.o
                0x0000000020000060                yellow_state
 .data.green_state
                0x0000000020000064        0x4 ./Core/Src/global.o
                0x0000000020000064                green_state
 .data.time_stage_2
                0x0000000020000068        0x4 ./Core/Src/global.o
                0x0000000020000068                time_stage_2
 .data.update_time_red
                0x000000002000006c        0x4 ./Core/Src/global.o
                0x000000002000006c                update_time_red
 .data.update_time_yellow
                0x0000000020000070        0x4 ./Core/Src/global.o
                0x0000000020000070                update_time_yellow
 .data.update_time_green
                0x0000000020000074        0x4 ./Core/Src/global.o
                0x0000000020000074                update_time_green
 .data.scan_led
                0x0000000020000078        0x4 ./Core/Src/global.o
                0x0000000020000078                scan_led
 .data.mode     0x000000002000007c        0x4 ./Core/Src/global.o
                0x000000002000007c                mode
 .data.current_mode
                0x0000000020000080        0x4 ./Core/Src/global.o
                0x0000000020000080                current_mode
 .data.run      0x0000000020000084        0x4 ./Core/Src/normal_state.o
                0x0000000020000084                run
 .data.SystemCoreClock
                0x0000000020000088        0x4 ./Core/Src/system_stm32f1xx.o
                0x0000000020000088                SystemCoreClock
 .data.uwTickPrio
                0x000000002000008c        0x4 ./Drivers/STM32F1xx_HAL_Driver/Src/stm32f1xx_hal.o
                0x000000002000008c                uwTickPrio
 .data.uwTickFreq
                0x0000000020000090        0x1 ./Drivers/STM32F1xx_HAL_Driver/Src/stm32f1xx_hal.o
                0x0000000020000090                uwTickFreq
 *(.RamFunc)
 *(.RamFunc*)
                0x0000000020000094                . = ALIGN (0x4)
 *fill*         0x0000000020000091        0x3 
                0x0000000020000094                _edata = .

.igot.plt       0x0000000020000094        0x0 load address 0x0000000008002c8c
 .igot.plt      0x0000000020000094        0x0 c:/st/stm32cubeide_1.7.0/stm32cubeide/plugins/com.st.stm32cube.ide.mcu.externaltools.gnu-tools-for-stm32.9-2020-q2-update.win32_2.0.0.202105311346/tools/bin/../lib/gcc/arm-none-eabi/9.3.1/thumb/v7-m/nofp/crtbegin.o
                0x0000000020000094                . = ALIGN (0x4)

.bss            0x0000000020000094       0xdc load address 0x0000000008002c8c
                0x0000000020000094                _sbss = .
                0x0000000020000094                __bss_start__ = _sbss
 *(.bss)
 .bss           0x0000000020000094       0x1c c:/st/stm32cubeide_1.7.0/stm32cubeide/plugins/com.st.stm32cube.ide.mcu.externaltools.gnu-tools-for-stm32.9-2020-q2-update.win32_2.0.0.202105311346/tools/bin/../lib/gcc/arm-none-eabi/9.3.1/thumb/v7-m/nofp/crtbegin.o
 *(.bss*)
 .bss.buttonFlags
                0x00000000200000b0        0xc ./Core/Src/button.o
                0x00000000200000b0                buttonFlags
 .bss.status    0x00000000200000bc        0x4 ./Core/Src/global.o
                0x00000000200000bc                status
 .bss.led_buffer
                0x00000000200000c0       0x10 ./Core/Src/global.o
                0x00000000200000c0                led_buffer
 .bss.duration  0x00000000200000d0        0x4 ./Core/Src/global.o
                0x00000000200000d0                duration
 *(COMMON)
 COMMON         0x00000000200000d4       0x48 ./Core/Src/main.o
                0x00000000200000d4                htim2
 COMMON         0x000000002000011c       0x50 ./Core/Src/softwaretimer.o
                0x000000002000011c                timerFlag
                0x0000000020000144                timerCounter
 COMMON         0x000000002000016c        0x4 ./Drivers/STM32F1xx_HAL_Driver/Src/stm32f1xx_hal.o
                0x000000002000016c                uwTick
                0x0000000020000170                . = ALIGN (0x4)
                0x0000000020000170                _ebss = .
                0x0000000020000170                __bss_end__ = _ebss

._user_heap_stack
                0x0000000020000170      0x600 load address 0x0000000008002c8c
                0x0000000020000170                . = ALIGN (0x8)
                [!provide]                        PROVIDE (end = .)
                0x0000000020000170                PROVIDE (_end = .)
                0x0000000020000370                . = (. + _Min_Heap_Size)
 *fill*         0x0000000020000170      0x200 
                0x0000000020000770                . = (. + _Min_Stack_Size)
 *fill*         0x0000000020000370      0x400 
                0x0000000020000770                . = ALIGN (0x8)

/DISCARD/
 libc.a(*)
 libm.a(*)
 libgcc.a(*)

.ARM.attributes
                0x0000000000000000       0x29
 *(.ARM.attributes)
 .ARM.attributes
                0x0000000000000000       0x1d c:/st/stm32cubeide_1.7.0/stm32cubeide/plugins/com.st.stm32cube.ide.mcu.externaltools.gnu-tools-for-stm32.9-2020-q2-update.win32_2.0.0.202105311346/tools/bin/../lib/gcc/arm-none-eabi/9.3.1/thumb/v7-m/nofp/crti.o
 .ARM.attributes
                0x000000000000001d       0x2d c:/st/stm32cubeide_1.7.0/stm32cubeide/plugins/com.st.stm32cube.ide.mcu.externaltools.gnu-tools-for-stm32.9-2020-q2-update.win32_2.0.0.202105311346/tools/bin/../lib/gcc/arm-none-eabi/9.3.1/thumb/v7-m/nofp/crtbegin.o
 .ARM.attributes
                0x000000000000004a       0x2d ./Core/Src/automatic.o
 .ARM.attributes
                0x0000000000000077       0x2d ./Core/Src/button.o
 .ARM.attributes
                0x00000000000000a4       0x33 ./Core/Src/global.o
 .ARM.attributes
                0x00000000000000d7       0x2d ./Core/Src/main.o
 .ARM.attributes
                0x0000000000000104       0x2d ./Core/Src/manual.o
 .ARM.attributes
                0x0000000000000131       0x2d ./Core/Src/normal_state.o
 .ARM.attributes
                0x000000000000015e       0x2d ./Core/Src/softwaretimer.o
 .ARM.attributes
                0x000000000000018b       0x2d ./Core/Src/stm32f1xx_hal_msp.o
 .ARM.attributes
                0x00000000000001b8       0x2d ./Core/Src/stm32f1xx_it.o
 .ARM.attributes
                0x00000000000001e5       0x2d ./Core/Src/system_stm32f1xx.o
 .ARM.attributes
                0x0000000000000212       0x21 ./Core/Startup/startup_stm32f103c6tx.o
 .ARM.attributes
                0x0000000000000233       0x2d ./Drivers/STM32F1xx_HAL_Driver/Src/stm32f1xx_hal.o
 .ARM.attributes
                0x0000000000000260       0x2d ./Drivers/STM32F1xx_HAL_Driver/Src/stm32f1xx_hal_cortex.o
 .ARM.attributes
                0x000000000000028d       0x2d ./Drivers/STM32F1xx_HAL_Driver/Src/stm32f1xx_hal_gpio.o
 .ARM.attributes
                0x00000000000002ba       0x2d ./Drivers/STM32F1xx_HAL_Driver/Src/stm32f1xx_hal_rcc.o
 .ARM.attributes
                0x00000000000002e7       0x2d ./Drivers/STM32F1xx_HAL_Driver/Src/stm32f1xx_hal_tim.o
 .ARM.attributes
                0x0000000000000314       0x2d ./Drivers/STM32F1xx_HAL_Driver/Src/stm32f1xx_hal_tim_ex.o
 .ARM.attributes
                0x0000000000000341       0x2d c:/st/stm32cubeide_1.7.0/stm32cubeide/plugins/com.st.stm32cube.ide.mcu.externaltools.gnu-tools-for-stm32.9-2020-q2-update.win32_2.0.0.202105311346/tools/bin/../lib/gcc/arm-none-eabi/9.3.1/../../../../arm-none-eabi/lib/thumb/v7-m/nofp\libc_nano.a(lib_a-init.o)
 .ARM.attributes
                0x000000000000036e       0x2d c:/st/stm32cubeide_1.7.0/stm32cubeide/plugins/com.st.stm32cube.ide.mcu.externaltools.gnu-tools-for-stm32.9-2020-q2-update.win32_2.0.0.202105311346/tools/bin/../lib/gcc/arm-none-eabi/9.3.1/../../../../arm-none-eabi/lib/thumb/v7-m/nofp\libc_nano.a(lib_a-memset.o)
 .ARM.attributes
                0x000000000000039b       0x1d c:/st/stm32cubeide_1.7.0/stm32cubeide/plugins/com.st.stm32cube.ide.mcu.externaltools.gnu-tools-for-stm32.9-2020-q2-update.win32_2.0.0.202105311346/tools/bin/../lib/gcc/arm-none-eabi/9.3.1/thumb/v7-m/nofp/crtn.o
OUTPUT(lab3_button.elf elf32-littlearm)
LOAD linker stubs
LOAD c:/st/stm32cubeide_1.7.0/stm32cubeide/plugins/com.st.stm32cube.ide.mcu.externaltools.gnu-tools-for-stm32.9-2020-q2-update.win32_2.0.0.202105311346/tools/bin/../lib/gcc/arm-none-eabi/9.3.1/../../../../arm-none-eabi/lib/thumb/v7-m/nofp\libc.a
LOAD c:/st/stm32cubeide_1.7.0/stm32cubeide/plugins/com.st.stm32cube.ide.mcu.externaltools.gnu-tools-for-stm32.9-2020-q2-update.win32_2.0.0.202105311346/tools/bin/../lib/gcc/arm-none-eabi/9.3.1/../../../../arm-none-eabi/lib/thumb/v7-m/nofp\libm.a
LOAD c:/st/stm32cubeide_1.7.0/stm32cubeide/plugins/com.st.stm32cube.ide.mcu.externaltools.gnu-tools-for-stm32.9-2020-q2-update.win32_2.0.0.202105311346/tools/bin/../lib/gcc/arm-none-eabi/9.3.1/thumb/v7-m/nofp\libgcc.a

.debug_info     0x0000000000000000     0x994f
 .debug_info    0x0000000000000000      0x36d ./Core/Src/automatic.o
 .debug_info    0x000000000000036d      0x384 ./Core/Src/button.o
 .debug_info    0x00000000000006f1      0x39d ./Core/Src/global.o
 .debug_info    0x0000000000000a8e      0xccd ./Core/Src/main.o
 .debug_info    0x000000000000175b      0x2d2 ./Core/Src/manual.o
 .debug_info    0x0000000000001a2d      0x530 ./Core/Src/normal_state.o
 .debug_info    0x0000000000001f5d      0x101 ./Core/Src/softwaretimer.o
 .debug_info    0x000000000000205e      0xa09 ./Core/Src/stm32f1xx_hal_msp.o
 .debug_info    0x0000000000002a67      0x7b9 ./Core/Src/stm32f1xx_it.o
 .debug_info    0x0000000000003220      0x2be ./Core/Src/system_stm32f1xx.o
 .debug_info    0x00000000000034de       0x22 ./Core/Startup/startup_stm32f103c6tx.o
 .debug_info    0x0000000000003500      0x74c ./Drivers/STM32F1xx_HAL_Driver/Src/stm32f1xx_hal.o
 .debug_info    0x0000000000003c4c      0xbbe ./Drivers/STM32F1xx_HAL_Driver/Src/stm32f1xx_hal_cortex.o
 .debug_info    0x000000000000480a      0x701 ./Drivers/STM32F1xx_HAL_Driver/Src/stm32f1xx_hal_gpio.o
 .debug_info    0x0000000000004f0b      0x893 ./Drivers/STM32F1xx_HAL_Driver/Src/stm32f1xx_hal_rcc.o
 .debug_info    0x000000000000579e     0x2c32 ./Drivers/STM32F1xx_HAL_Driver/Src/stm32f1xx_hal_tim.o
 .debug_info    0x00000000000083d0     0x157f ./Drivers/STM32F1xx_HAL_Driver/Src/stm32f1xx_hal_tim_ex.o

.debug_abbrev   0x0000000000000000     0x1ba1
 .debug_abbrev  0x0000000000000000       0xff ./Core/Src/automatic.o
 .debug_abbrev  0x00000000000000ff      0x18b ./Core/Src/button.o
 .debug_abbrev  0x000000000000028a       0xb6 ./Core/Src/global.o
 .debug_abbrev  0x0000000000000340      0x22c ./Core/Src/main.o
 .debug_abbrev  0x000000000000056c       0xce ./Core/Src/manual.o
 .debug_abbrev  0x000000000000063a      0x1d9 ./Core/Src/normal_state.o
 .debug_abbrev  0x0000000000000813       0xe2 ./Core/Src/softwaretimer.o
 .debug_abbrev  0x00000000000008f5      0x1b7 ./Core/Src/stm32f1xx_hal_msp.o
 .debug_abbrev  0x0000000000000aac      0x176 ./Core/Src/stm32f1xx_it.o
 .debug_abbrev  0x0000000000000c22      0x14e ./Core/Src/system_stm32f1xx.o
 .debug_abbrev  0x0000000000000d70       0x12 ./Core/Startup/startup_stm32f103c6tx.o
 .debug_abbrev  0x0000000000000d82      0x1ed ./Drivers/STM32F1xx_HAL_Driver/Src/stm32f1xx_hal.o
 .debug_abbrev  0x0000000000000f6f      0x313 ./Drivers/STM32F1xx_HAL_Driver/Src/stm32f1xx_hal_cortex.o
 .debug_abbrev  0x0000000000001282      0x1e8 ./Drivers/STM32F1xx_HAL_Driver/Src/stm32f1xx_hal_gpio.o
 .debug_abbrev  0x000000000000146a      0x273 ./Drivers/STM32F1xx_HAL_Driver/Src/stm32f1xx_hal_rcc.o
 .debug_abbrev  0x00000000000016dd      0x25e ./Drivers/STM32F1xx_HAL_Driver/Src/stm32f1xx_hal_tim.o
 .debug_abbrev  0x000000000000193b      0x266 ./Drivers/STM32F1xx_HAL_Driver/Src/stm32f1xx_hal_tim_ex.o

.debug_aranges  0x0000000000000000      0xaa8
 .debug_aranges
                0x0000000000000000       0x28 ./Core/Src/automatic.o
 .debug_aranges
                0x0000000000000028       0x30 ./Core/Src/button.o
 .debug_aranges
                0x0000000000000058       0x18 ./Core/Src/global.o
 .debug_aranges
                0x0000000000000070       0x48 ./Core/Src/main.o
 .debug_aranges
                0x00000000000000b8       0x30 ./Core/Src/manual.o
 .debug_aranges
                0x00000000000000e8       0xa8 ./Core/Src/normal_state.o
 .debug_aranges
                0x0000000000000190       0x30 ./Core/Src/softwaretimer.o
 .debug_aranges
                0x00000000000001c0       0x30 ./Core/Src/stm32f1xx_hal_msp.o
 .debug_aranges
                0x00000000000001f0       0x68 ./Core/Src/stm32f1xx_it.o
 .debug_aranges
                0x0000000000000258       0x28 ./Core/Src/system_stm32f1xx.o
 .debug_aranges
                0x0000000000000280       0x28 ./Core/Startup/startup_stm32f103c6tx.o
 .debug_aranges
                0x00000000000002a8       0xe0 ./Drivers/STM32F1xx_HAL_Driver/Src/stm32f1xx_hal.o
 .debug_aranges
                0x0000000000000388      0x100 ./Drivers/STM32F1xx_HAL_Driver/Src/stm32f1xx_hal_cortex.o
 .debug_aranges
                0x0000000000000488       0x58 ./Drivers/STM32F1xx_HAL_Driver/Src/stm32f1xx_hal_gpio.o
 .debug_aranges
                0x00000000000004e0       0x90 ./Drivers/STM32F1xx_HAL_Driver/Src/stm32f1xx_hal_rcc.o
 .debug_aranges
                0x0000000000000570      0x3d0 ./Drivers/STM32F1xx_HAL_Driver/Src/stm32f1xx_hal_tim.o
 .debug_aranges
                0x0000000000000940      0x168 ./Drivers/STM32F1xx_HAL_Driver/Src/stm32f1xx_hal_tim_ex.o

.debug_ranges   0x0000000000000000      0x998
 .debug_ranges  0x0000000000000000       0x18 ./Core/Src/automatic.o
 .debug_ranges  0x0000000000000018       0x20 ./Core/Src/button.o
 .debug_ranges  0x0000000000000038       0x38 ./Core/Src/main.o
 .debug_ranges  0x0000000000000070       0x20 ./Core/Src/manual.o
 .debug_ranges  0x0000000000000090       0x98 ./Core/Src/normal_state.o
 .debug_ranges  0x0000000000000128       0x20 ./Core/Src/softwaretimer.o
 .debug_ranges  0x0000000000000148       0x20 ./Core/Src/stm32f1xx_hal_msp.o
 .debug_ranges  0x0000000000000168       0x58 ./Core/Src/stm32f1xx_it.o
 .debug_ranges  0x00000000000001c0       0x18 ./Core/Src/system_stm32f1xx.o
 .debug_ranges  0x00000000000001d8       0x20 ./Core/Startup/startup_stm32f103c6tx.o
 .debug_ranges  0x00000000000001f8       0xd0 ./Drivers/STM32F1xx_HAL_Driver/Src/stm32f1xx_hal.o
 .debug_ranges  0x00000000000002c8       0xf0 ./Drivers/STM32F1xx_HAL_Driver/Src/stm32f1xx_hal_cortex.o
 .debug_ranges  0x00000000000003b8       0x48 ./Drivers/STM32F1xx_HAL_Driver/Src/stm32f1xx_hal_gpio.o
 .debug_ranges  0x0000000000000400       0x80 ./Drivers/STM32F1xx_HAL_Driver/Src/stm32f1xx_hal_rcc.o
 .debug_ranges  0x0000000000000480      0x3c0 ./Drivers/STM32F1xx_HAL_Driver/Src/stm32f1xx_hal_tim.o
 .debug_ranges  0x0000000000000840      0x158 ./Drivers/STM32F1xx_HAL_Driver/Src/stm32f1xx_hal_tim_ex.o

.debug_macro    0x0000000000000000    0x16d3e
 .debug_macro   0x0000000000000000      0x1e2 ./Core/Src/automatic.o
 .debug_macro   0x00000000000001e2      0xa9c ./Core/Src/automatic.o
 .debug_macro   0x0000000000000c7e      0x215 ./Core/Src/automatic.o
 .debug_macro   0x0000000000000e93       0x2e ./Core/Src/automatic.o
 .debug_macro   0x0000000000000ec1       0x22 ./Core/Src/automatic.o
 .debug_macro   0x0000000000000ee3       0x22 ./Core/Src/automatic.o
 .debug_macro   0x0000000000000f05       0x8e ./Core/Src/automatic.o
 .debug_macro   0x0000000000000f93       0x51 ./Core/Src/automatic.o
 .debug_macro   0x0000000000000fe4      0x103 ./Core/Src/automatic.o
 .debug_macro   0x00000000000010e7       0x6a ./Core/Src/automatic.o
 .debug_macro   0x0000000000001151      0x1df ./Core/Src/automatic.o
 .debug_macro   0x0000000000001330       0x1c ./Core/Src/automatic.o
 .debug_macro   0x000000000000134c       0x22 ./Core/Src/automatic.o
 .debug_macro   0x000000000000136e       0xc3 ./Core/Src/automatic.o
 .debug_macro   0x0000000000001431      0xd23 ./Core/Src/automatic.o
 .debug_macro   0x0000000000002154     0xde75 ./Core/Src/automatic.o
 .debug_macro   0x000000000000ffc9       0x6d ./Core/Src/automatic.o
 .debug_macro   0x0000000000010036     0x34a2 ./Core/Src/automatic.o
 .debug_macro   0x00000000000134d8      0x174 ./Core/Src/automatic.o
 .debug_macro   0x000000000001364c       0x5c ./Core/Src/automatic.o
 .debug_macro   0x00000000000136a8      0x5bc ./Core/Src/automatic.o
 .debug_macro   0x0000000000013c64      0x1b7 ./Core/Src/automatic.o
 .debug_macro   0x0000000000013e1b      0x1cb ./Core/Src/automatic.o
 .debug_macro   0x0000000000013fe6      0x114 ./Core/Src/automatic.o
 .debug_macro   0x00000000000140fa      0x1b2 ./Core/Src/automatic.o
 .debug_macro   0x00000000000142ac       0x27 ./Core/Src/automatic.o
 .debug_macro   0x00000000000142d3      0x12f ./Core/Src/automatic.o
 .debug_macro   0x0000000000014402      0x1bc ./Core/Src/automatic.o
 .debug_macro   0x00000000000145be       0x34 ./Core/Src/automatic.o
 .debug_macro   0x00000000000145f2       0x3c ./Core/Src/automatic.o
 .debug_macro   0x000000000001462e       0x57 ./Core/Src/automatic.o
 .debug_macro   0x0000000000014685       0x87 ./Core/Src/automatic.o
 .debug_macro   0x000000000001470c      0x183 ./Core/Src/automatic.o
 .debug_macro   0x000000000001488f      0x140 ./Core/Src/automatic.o
 .debug_macro   0x00000000000149cf      0x8ed ./Core/Src/automatic.o
 .debug_macro   0x00000000000152bc       0x69 ./Core/Src/automatic.o
 .debug_macro   0x0000000000015325      0x100 ./Core/Src/automatic.o
 .debug_macro   0x0000000000015425       0x1c ./Core/Src/automatic.o
 .debug_macro   0x0000000000015441       0x46 ./Core/Src/automatic.o
 .debug_macro   0x0000000000015487      0x1bf ./Core/Src/button.o
 .debug_macro   0x0000000000015646       0x16 ./Core/Src/button.o
 .debug_macro   0x000000000001565c      0x1e2 ./Core/Src/global.o
 .debug_macro   0x000000000001583e      0x1fc ./Core/Src/main.o
 .debug_macro   0x0000000000015a3a      0x1ec ./Core/Src/manual.o
 .debug_macro   0x0000000000015c26      0x1de ./Core/Src/normal_state.o
 .debug_macro   0x0000000000015e04       0x21 ./Core/Src/softwaretimer.o
 .debug_macro   0x0000000000015e25      0x1a6 ./Core/Src/stm32f1xx_hal_msp.o
 .debug_macro   0x0000000000015fcb      0x1b0 ./Core/Src/stm32f1xx_it.o
 .debug_macro   0x000000000001617b      0x197 ./Core/Src/system_stm32f1xx.o
 .debug_macro   0x0000000000016312      0x1bb ./Drivers/STM32F1xx_HAL_Driver/Src/stm32f1xx_hal.o
 .debug_macro   0x00000000000164cd      0x197 ./Drivers/STM32F1xx_HAL_Driver/Src/stm32f1xx_hal_cortex.o
 .debug_macro   0x0000000000016664      0x202 ./Drivers/STM32F1xx_HAL_Driver/Src/stm32f1xx_hal_gpio.o
 .debug_macro   0x0000000000016866      0x1a9 ./Drivers/STM32F1xx_HAL_Driver/Src/stm32f1xx_hal_rcc.o
 .debug_macro   0x0000000000016a0f      0x198 ./Drivers/STM32F1xx_HAL_Driver/Src/stm32f1xx_hal_tim.o
 .debug_macro   0x0000000000016ba7      0x197 ./Drivers/STM32F1xx_HAL_Driver/Src/stm32f1xx_hal_tim_ex.o

.debug_line     0x0000000000000000     0xba89
 .debug_line    0x0000000000000000      0x6de ./Core/Src/automatic.o
 .debug_line    0x00000000000006de      0x743 ./Core/Src/button.o
 .debug_line    0x0000000000000e21      0x68e ./Core/Src/global.o
 .debug_line    0x00000000000014af      0x7f7 ./Core/Src/main.o
 .debug_line    0x0000000000001ca6      0x705 ./Core/Src/manual.o
 .debug_line    0x00000000000023ab      0xa80 ./Core/Src/normal_state.o
 .debug_line    0x0000000000002e2b       0xd7 ./Core/Src/softwaretimer.o
 .debug_line    0x0000000000002f02      0x6a1 ./Core/Src/stm32f1xx_hal_msp.o
 .debug_line    0x00000000000035a3      0x73f ./Core/Src/stm32f1xx_it.o
 .debug_line    0x0000000000003ce2      0x6e3 ./Core/Src/system_stm32f1xx.o
 .debug_line    0x00000000000043c5       0x86 ./Core/Startup/startup_stm32f103c6tx.o
 .debug_line    0x000000000000444b      0x910 ./Drivers/STM32F1xx_HAL_Driver/Src/stm32f1xx_hal.o
 .debug_line    0x0000000000004d5b      0xaf8 ./Drivers/STM32F1xx_HAL_Driver/Src/stm32f1xx_hal_cortex.o
 .debug_line    0x0000000000005853      0x993 ./Drivers/STM32F1xx_HAL_Driver/Src/stm32f1xx_hal_gpio.o
 .debug_line    0x00000000000061e6      0xd1c ./Drivers/STM32F1xx_HAL_Driver/Src/stm32f1xx_hal_rcc.o
 .debug_line    0x0000000000006f02     0x3361 ./Drivers/STM32F1xx_HAL_Driver/Src/stm32f1xx_hal_tim.o
 .debug_line    0x000000000000a263     0x1826 ./Drivers/STM32F1xx_HAL_Driver/Src/stm32f1xx_hal_tim_ex.o

.debug_str      0x0000000000000000    0x824f4
 .debug_str     0x0000000000000000    0x7f965 ./Core/Src/automatic.o
                                      0x7fcb7 (size before relaxing)
 .debug_str     0x000000000007f965       0x86 ./Core/Src/button.o
                                      0x7fb8b (size before relaxing)
 .debug_str     0x000000000007f9eb       0x15 ./Core/Src/global.o
                                      0x7fc66 (size before relaxing)
 .debug_str     0x000000000007fa00      0x6ee ./Core/Src/main.o
                                      0x80436 (size before relaxing)
 .debug_str     0x00000000000800ee       0x34 ./Core/Src/manual.o
                                      0x7fc94 (size before relaxing)
 .debug_str     0x0000000000080122      0x11d ./Core/Src/normal_state.o
                                      0x7fdc1 (size before relaxing)
 .debug_str     0x000000000008023f       0x63 ./Core/Src/softwaretimer.o
                                       0x2de0 (size before relaxing)
 .debug_str     0x00000000000802a2      0x2ba ./Core/Src/stm32f1xx_hal_msp.o
                                      0x8025d (size before relaxing)
 .debug_str     0x000000000008055c       0xcd ./Core/Src/stm32f1xx_it.o
                                      0x7ffbf (size before relaxing)
 .debug_str     0x0000000000080629       0x52 ./Core/Src/system_stm32f1xx.o
                                      0x7f75e (size before relaxing)
 .debug_str     0x000000000008067b       0x36 ./Core/Startup/startup_stm32f103c6tx.o
                                         0x52 (size before relaxing)
 .debug_str     0x00000000000806b1      0x304 ./Drivers/STM32F1xx_HAL_Driver/Src/stm32f1xx_hal.o
                                      0x7fdb5 (size before relaxing)
 .debug_str     0x00000000000809b5      0x300 ./Drivers/STM32F1xx_HAL_Driver/Src/stm32f1xx_hal_cortex.o
                                      0x7fdbd (size before relaxing)
 .debug_str     0x0000000000080cb5      0x324 ./Drivers/STM32F1xx_HAL_Driver/Src/stm32f1xx_hal_gpio.o
                                      0x7fb22 (size before relaxing)
 .debug_str     0x0000000000080fd9      0x24f ./Drivers/STM32F1xx_HAL_Driver/Src/stm32f1xx_hal_rcc.o
                                      0x7fb5b (size before relaxing)
 .debug_str     0x0000000000081228      0xdde ./Drivers/STM32F1xx_HAL_Driver/Src/stm32f1xx_hal_tim.o
                                      0x80b44 (size before relaxing)
 .debug_str     0x0000000000082006      0x4ee ./Drivers/STM32F1xx_HAL_Driver/Src/stm32f1xx_hal_tim_ex.o
                                      0x802e5 (size before relaxing)

.comment        0x0000000000000000       0x53
 .comment       0x0000000000000000       0x53 ./Core/Src/automatic.o
                                         0x54 (size before relaxing)
 .comment       0x0000000000000053       0x54 ./Core/Src/button.o
 .comment       0x0000000000000053       0x54 ./Core/Src/global.o
 .comment       0x0000000000000053       0x54 ./Core/Src/main.o
 .comment       0x0000000000000053       0x54 ./Core/Src/manual.o
 .comment       0x0000000000000053       0x54 ./Core/Src/normal_state.o
 .comment       0x0000000000000053       0x54 ./Core/Src/softwaretimer.o
 .comment       0x0000000000000053       0x54 ./Core/Src/stm32f1xx_hal_msp.o
 .comment       0x0000000000000053       0x54 ./Core/Src/stm32f1xx_it.o
 .comment       0x0000000000000053       0x54 ./Core/Src/system_stm32f1xx.o
 .comment       0x0000000000000053       0x54 ./Drivers/STM32F1xx_HAL_Driver/Src/stm32f1xx_hal.o
 .comment       0x0000000000000053       0x54 ./Drivers/STM32F1xx_HAL_Driver/Src/stm32f1xx_hal_cortex.o
 .comment       0x0000000000000053       0x54 ./Drivers/STM32F1xx_HAL_Driver/Src/stm32f1xx_hal_gpio.o
 .comment       0x0000000000000053       0x54 ./Drivers/STM32F1xx_HAL_Driver/Src/stm32f1xx_hal_rcc.o
 .comment       0x0000000000000053       0x54 ./Drivers/STM32F1xx_HAL_Driver/Src/stm32f1xx_hal_tim.o
 .comment       0x0000000000000053       0x54 ./Drivers/STM32F1xx_HAL_Driver/Src/stm32f1xx_hal_tim_ex.o

.debug_frame    0x0000000000000000     0x29b8
 .debug_frame   0x0000000000000000       0x48 ./Core/Src/automatic.o
 .debug_frame   0x0000000000000048       0x7c ./Core/Src/button.o
 .debug_frame   0x00000000000000c4       0xd4 ./Core/Src/main.o
 .debug_frame   0x0000000000000198       0x68 ./Core/Src/manual.o
 .debug_frame   0x0000000000000200      0x240 ./Core/Src/normal_state.o
 .debug_frame   0x0000000000000440       0x88 ./Core/Src/softwaretimer.o
 .debug_frame   0x00000000000004c8       0x80 ./Core/Src/stm32f1xx_hal_msp.o
 .debug_frame   0x0000000000000548      0x120 ./Core/Src/stm32f1xx_it.o
 .debug_frame   0x0000000000000668       0x58 ./Core/Src/system_stm32f1xx.o
 .debug_frame   0x00000000000006c0      0x334 ./Drivers/STM32F1xx_HAL_Driver/Src/stm32f1xx_hal.o
 .debug_frame   0x00000000000009f4      0x428 ./Drivers/STM32F1xx_HAL_Driver/Src/stm32f1xx_hal_cortex.o
 .debug_frame   0x0000000000000e1c      0x14c ./Drivers/STM32F1xx_HAL_Driver/Src/stm32f1xx_hal_gpio.o
 .debug_frame   0x0000000000000f68      0x218 ./Drivers/STM32F1xx_HAL_Driver/Src/stm32f1xx_hal_rcc.o
 .debug_frame   0x0000000000001180     0x11b4 ./Drivers/STM32F1xx_HAL_Driver/Src/stm32f1xx_hal_tim.o
 .debug_frame   0x0000000000002334      0x638 ./Drivers/STM32F1xx_HAL_Driver/Src/stm32f1xx_hal_tim_ex.o
 .debug_frame   0x000000000000296c       0x2c c:/st/stm32cubeide_1.7.0/stm32cubeide/plugins/com.st.stm32cube.ide.mcu.externaltools.gnu-tools-for-stm32.9-2020-q2-update.win32_2.0.0.202105311346/tools/bin/../lib/gcc/arm-none-eabi/9.3.1/../../../../arm-none-eabi/lib/thumb/v7-m/nofp\libc_nano.a(lib_a-init.o)
 .debug_frame   0x0000000000002998       0x20 c:/st/stm32cubeide_1.7.0/stm32cubeide/plugins/com.st.stm32cube.ide.mcu.externaltools.gnu-tools-for-stm32.9-2020-q2-update.win32_2.0.0.202105311346/tools/bin/../lib/gcc/arm-none-eabi/9.3.1/../../../../arm-none-eabi/lib/thumb/v7-m/nofp\libc_nano.a(lib_a-memset.o)
