normal_state.c:8:6:display7SEG	16	static
normal_state.c:116:6:clearled	8	static
normal_state.c:126:6:clearbuffer	4	static
normal_state.c:132:6:update7SEG	16	static
normal_state.c:176:6:scanled	8	static
normal_state.c:188:6:return_mode1	8	static
normal_state.c:196:6:setmode1	16	static
normal_state.c:204:6:decrease_time_mode1	8	static
normal_state.c:218:6:setmodecus	16	static
normal_state.c:229:6:setduration	16	static
normal_state.c:235:6:init_green_red	8	static
normal_state.c:262:6:init_amber_red	8	static
normal_state.c:277:6:init_red_green	8	static
normal_state.c:294:6:init_red_amber	8	static
normal_state.c:310:6:model_2	8	static
normal_state.c:336:6:init_man_red	8	static
normal_state.c:362:6:init_man_yellow	8	static
normal_state.c:383:6:init_man_green	8	static
